// Jest Snapshot v1, https://goo.gl/fbAQLP

exports[`renders without crashing 1`] = `
<ScrollView
  scrollEnabled={true}
>
  <View
    style={
      Object {
        "paddingBottom": 50,
      }
    }
  >
    <Connect(UserAccount) />
    <Connect(CardPreferences)
      toggleScroll={[Function]}
    />
    <withNavigation(PreferencesItem)
      icon="bell-o"
      iconPack="FontAwesome"
      link="Notifications"
      linkType="internal"
      title="Notifications"
    />
    <withNavigation(PreferencesItem)
      icon="bell-o"
      iconPack="FontAwesome"
      link="ParkingNotifications"
      linkType="internal"
      title="Parking"
    />
    <withNavigation(PreferencesItem)
      icon="new-message"
      iconPack="Entypo"
      link="Feedback"
      linkType="internal"
      title="Feedback"
    />
    <withNavigation(PreferencesItem)
      icon="lock"
      iconPack="Feather"
      link="https://mobile.ucsd.edu/privacy-policy.html"
      linkType="external"
      title="Privacy Policy"
    />
  </View>
</ScrollView>
`;
